/Users/Nicolas/Documents/github/hermes/reverse-engineering/tools/recomp/integer_multiply_probe.cpp
  /Users/Nicolas/Documents/github/hermes/reverse-engineering/tools/recomp/integer_multiply_probe.cpp:1:1 - error: Expected expression
  /Users/Nicolas/Documents/github/hermes/reverse-engineering/tools/recomp/integer_multiply_probe.cpp:2:1 - error: Expected expression
  /Users/Nicolas/Documents/github/hermes/reverse-engineering/tools/recomp/integer_multiply_probe.cpp:12:1 - error: "using" is not defined (reportUndefinedVariable)
  /Users/Nicolas/Documents/github/hermes/reverse-engineering/tools/recomp/integer_multiply_probe.cpp:12:1 - warning: Expression value is unused (reportUnusedExpression)
  /Users/Nicolas/Documents/github/hermes/reverse-engineering/tools/recomp/integer_multiply_probe.cpp:12:7 - error: Statements must be separated by newlines or semicolons
  /Users/Nicolas/Documents/github/hermes/reverse-engineering/tools/recomp/integer_multiply_probe.cpp:12:18 - error: "void" is not defined (reportUndefinedVariable)
  /Users/Nicolas/Documents/github/hermes/reverse-engineering/tools/recomp/integer_multiply_probe.cpp:12:23 - error: "(" was not closed
  /Users/Nicolas/Documents/github/hermes/reverse-engineering/tools/recomp/integer_multiply_probe.cpp:12:25 - error: Expected expression
  /Users/Nicolas/Documents/github/hermes/reverse-engineering/tools/recomp/integer_multiply_probe.cpp:14:1 - error: "struct" is not defined (reportUndefinedVariable)
  /Users/Nicolas/Documents/github/hermes/reverse-engineering/tools/recomp/integer_multiply_probe.cpp:14:1 - warning: Expression value is unused (reportUnusedExpression)
  /Users/Nicolas/Documents/github/hermes/reverse-engineering/tools/recomp/integer_multiply_probe.cpp:14:8 - error: Statements must be separated by newlines or semicolons
  /Users/Nicolas/Documents/github/hermes/reverse-engineering/tools/recomp/integer_multiply_probe.cpp:14:8 - error: "Operation" is not defined (reportUndefinedVariable)
  /Users/Nicolas/Documents/github/hermes/reverse-engineering/tools/recomp/integer_multiply_probe.cpp:14:8 - warning: Expression value is unused (reportUnusedExpression)
  /Users/Nicolas/Documents/github/hermes/reverse-engineering/tools/recomp/integer_multiply_probe.cpp:14:18 - error: Statements must be separated by newlines or semicolons
  /Users/Nicolas/Documents/github/hermes/reverse-engineering/tools/recomp/integer_multiply_probe.cpp:14:18 - error: "{" was not closed
  /Users/Nicolas/Documents/github/hermes/reverse-engineering/tools/recomp/integer_multiply_probe.cpp:14:18 - warning: Expression value is unused (reportUnusedExpression)
  /Users/Nicolas/Documents/github/hermes/reverse-engineering/tools/recomp/integer_multiply_probe.cpp:15:5 - error: "const" is not defined (reportUndefinedVariable)
  /Users/Nicolas/Documents/github/hermes/reverse-engineering/tools/recomp/integer_multiply_probe.cpp:15:11 - error: Statements must be separated by newlines or semicolons
  /Users/Nicolas/Documents/github/hermes/reverse-engineering/tools/recomp/integer_multiply_probe.cpp:15:11 - error: "char" is not defined (reportUndefinedVariable)
  /Users/Nicolas/Documents/github/hermes/reverse-engineering/tools/recomp/integer_multiply_probe.cpp:15:11 - warning: Expression value is unused (reportUnusedExpression)
  /Users/Nicolas/Documents/github/hermes/reverse-engineering/tools/recomp/integer_multiply_probe.cpp:15:17 - error: "name" is not defined (reportUndefinedVariable)
  /Users/Nicolas/Documents/github/hermes/reverse-engineering/tools/recomp/integer_multiply_probe.cpp:16:5 - warning: Expression value is unused (reportUnusedExpression)
  /Users/Nicolas/Documents/github/hermes/reverse-engineering/tools/recomp/integer_multiply_probe.cpp:16:14 - error: Statements must be separated by newlines or semicolons
  /Users/Nicolas/Documents/github/hermes/reverse-engineering/tools/recomp/integer_multiply_probe.cpp:16:14 - error: "function" is marked as @type_check_only and can be used only in type annotations (reportGeneralTypeIssues)
  /Users/Nicolas/Documents/github/hermes/reverse-engineering/tools/recomp/integer_multiply_probe.cpp:16:14 - warning: Expression value is unused (reportUnusedExpression)
  /Users/Nicolas/Documents/github/hermes/reverse-engineering/tools/recomp/integer_multiply_probe.cpp:17:5 - error: "unsigned" is not defined (reportUndefinedVariable)
  /Users/Nicolas/Documents/github/hermes/reverse-engineering/tools/recomp/integer_multiply_probe.cpp:17:5 - warning: Expression value is unused (reportUnusedExpression)
  /Users/Nicolas/Documents/github/hermes/reverse-engineering/tools/recomp/integer_multiply_probe.cpp:17:14 - error: Statements must be separated by newlines or semicolons
  /Users/Nicolas/Documents/github/hermes/reverse-engineering/tools/recomp/integer_multiply_probe.cpp:17:14 - error: "kind" is not defined (reportUndefinedVariable)
  /Users/Nicolas/Documents/github/hermes/reverse-engineering/tools/recomp/integer_multiply_probe.cpp:17:14 - warning: Expression value is unused (reportUnusedExpression)
  /Users/Nicolas/Documents/github/hermes/reverse-engineering/tools/recomp/integer_multiply_probe.cpp:17:20 - error: Expected expression
  /Users/Nicolas/Documents/github/hermes/reverse-engineering/tools/recomp/integer_multiply_probe.cpp:21:1 - error: "Operation" is not defined (reportUndefinedVariable)
  /Users/Nicolas/Documents/github/hermes/reverse-engineering/tools/recomp/integer_multiply_probe.cpp:21:1 - warning: Expression value is unused (reportUnusedExpression)
  /Users/Nicolas/Documents/github/hermes/reverse-engineering/tools/recomp/integer_multiply_probe.cpp:21:11 - error: Statements must be separated by newlines or semicolons
  /Users/Nicolas/Documents/github/hermes/reverse-engineering/tools/recomp/integer_multiply_probe.cpp:21:11 - error: "operations" is not defined (reportUndefinedVariable)
  /Users/Nicolas/Documents/github/hermes/reverse-engineering/tools/recomp/integer_multiply_probe.cpp:21:22 - error: Expected index or slice expression
  /Users/Nicolas/Documents/github/hermes/reverse-engineering/tools/recomp/integer_multiply_probe.cpp:22:5 - error: Set entry must be hashable
    Type "set[Unknown]" is not hashable (reportUnhashable)
  /Users/Nicolas/Documents/github/hermes/reverse-engineering/tools/recomp/integer_multiply_probe.cpp:22:17 - error: "generated_MULT_RD" is not defined (reportUndefinedVariable)
  /Users/Nicolas/Documents/github/hermes/reverse-engineering/tools/recomp/integer_multiply_probe.cpp:22:43 - error: Set entry must be hashable
    Type "set[Unknown]" is not hashable (reportUnhashable)
  /Users/Nicolas/Documents/github/hermes/reverse-engineering/tools/recomp/integer_multiply_probe.cpp:22:55 - error: "generated_MULT_R0" is not defined (reportUndefinedVariable)
  /Users/Nicolas/Documents/github/hermes/reverse-engineering/tools/recomp/integer_multiply_probe.cpp:23:5 - error: Set entry must be hashable
    Type "set[Unknown]" is not hashable (reportUnhashable)
  /Users/Nicolas/Documents/github/hermes/reverse-engineering/tools/recomp/integer_multiply_probe.cpp:23:18 - error: "generated_MULTU_RD" is not defined (reportUndefinedVariable)
  /Users/Nicolas/Documents/github/hermes/reverse-engineering/tools/recomp/integer_multiply_probe.cpp:23:45 - error: Set entry must be hashable
    Type "set[Unknown]" is not hashable (reportUnhashable)
  /Users/Nicolas/Documents/github/hermes/reverse-engineering/tools/recomp/integer_multiply_probe.cpp:23:58 - error: "generated_MULTU_R0" is not defined (reportUndefinedVariable)
  /Users/Nicolas/Documents/github/hermes/reverse-engineering/tools/recomp/integer_multiply_probe.cpp:24:5 - error: Set entry must be hashable
    Type "set[Unknown]" is not hashable (reportUnhashable)
  /Users/Nicolas/Documents/github/hermes/reverse-engineering/tools/recomp/integer_multiply_probe.cpp:24:18 - error: "generated_MULT1_RD" is not defined (reportUndefinedVariable)
  /Users/Nicolas/Documents/github/hermes/reverse-engineering/tools/recomp/integer_multiply_probe.cpp:24:45 - error: Set entry must be hashable
    Type "set[Unknown]" is not hashable (reportUnhashable)
  /Users/Nicolas/Documents/github/hermes/reverse-engineering/tools/recomp/integer_multiply_probe.cpp:24:58 - error: "generated_MULT1_R0" is not defined (reportUndefinedVariable)
  /Users/Nicolas/Documents/github/hermes/reverse-engineering/tools/recomp/integer_multiply_probe.cpp:25:5 - error: Set entry must be hashable
    Type "set[Unknown]" is not hashable (reportUnhashable)
  /Users/Nicolas/Documents/github/hermes/reverse-engineering/tools/recomp/integer_multiply_probe.cpp:25:17 - error: "generated_MADD_RD" is not defined (reportUndefinedVariable)
  /Users/Nicolas/Documents/github/hermes/reverse-engineering/tools/recomp/integer_multiply_probe.cpp:25:43 - error: Set entry must be hashable
    Type "set[Unknown]" is not hashable (reportUnhashable)
  /Users/Nicolas/Documents/github/hermes/reverse-engineering/tools/recomp/integer_multiply_probe.cpp:25:55 - error: "generated_MADD_R0" is not defined (reportUndefinedVariable)
  /Users/Nicolas/Documents/github/hermes/reverse-engineering/tools/recomp/integer_multiply_probe.cpp:28:1 - error: "struct" is not defined (reportUndefinedVariable)
  /Users/Nicolas/Documents/github/hermes/reverse-engineering/tools/recomp/integer_multiply_probe.cpp:28:1 - warning: Expression value is unused (reportUnusedExpression)
  /Users/Nicolas/Documents/github/hermes/reverse-engineering/tools/recomp/integer_multiply_probe.cpp:28:8 - error: Statements must be separated by newlines or semicolons
  /Users/Nicolas/Documents/github/hermes/reverse-engineering/tools/recomp/integer_multiply_probe.cpp:28:8 - error: "RegisterMode" is not defined (reportUndefinedVariable)
  /Users/Nicolas/Documents/github/hermes/reverse-engineering/tools/recomp/integer_multiply_probe.cpp:28:8 - warning: Expression value is unused (reportUnusedExpression)
  /Users/Nicolas/Documents/github/hermes/reverse-engineering/tools/recomp/integer_multiply_probe.cpp:28:21 - error: Statements must be separated by newlines or semicolons
  /Users/Nicolas/Documents/github/hermes/reverse-engineering/tools/recomp/integer_multiply_probe.cpp:28:21 - error: "{" was not closed
  /Users/Nicolas/Documents/github/hermes/reverse-engineering/tools/recomp/integer_multiply_probe.cpp:28:21 - warning: Expression value is unused (reportUnusedExpression)
  /Users/Nicolas/Documents/github/hermes/reverse-engineering/tools/recomp/integer_multiply_probe.cpp:28:23 - error: "const" is not defined (reportUndefinedVariable)
  /Users/Nicolas/Documents/github/hermes/reverse-engineering/tools/recomp/integer_multiply_probe.cpp:28:29 - error: Statements must be separated by newlines or semicolons
  /Users/Nicolas/Documents/github/hermes/reverse-engineering/tools/recomp/integer_multiply_probe.cpp:28:29 - error: "char" is not defined (reportUndefinedVariable)
  /Users/Nicolas/Documents/github/hermes/reverse-engineering/tools/recomp/integer_multiply_probe.cpp:28:29 - warning: Expression value is unused (reportUnusedExpression)
  /Users/Nicolas/Documents/github/hermes/reverse-engineering/tools/recomp/integer_multiply_probe.cpp:28:35 - error: "name" is not defined (reportUndefinedVariable)
  /Users/Nicolas/Documents/github/hermes/reverse-engineering/tools/recomp/integer_multiply_probe.cpp:28:41 - warning: Expression value is unused (reportUnusedExpression)
  /Users/Nicolas/Documents/github/hermes/reverse-engineering/tools/recomp/integer_multiply_probe.cpp:28:45 - error: Statements must be separated by newlines or semicolons
  /Users/Nicolas/Documents/github/hermes/reverse-engineering/tools/recomp/integer_multiply_probe.cpp:28:45 - error: "rs" is not defined (reportUndefinedVariable)
  /Users/Nicolas/Documents/github/hermes/reverse-engineering/tools/recomp/integer_multiply_probe.cpp:28:45 - warning: Expression value is unused (reportUnusedExpression)
  /Users/Nicolas/Documents/github/hermes/reverse-engineering/tools/recomp/integer_multiply_probe.cpp:28:49 - warning: Expression value is unused (reportUnusedExpression)
  /Users/Nicolas/Documents/github/hermes/reverse-engineering/tools/recomp/integer_multiply_probe.cpp:28:53 - error: Statements must be separated by newlines or semicolons
  /Users/Nicolas/Documents/github/hermes/reverse-engineering/tools/recomp/integer_multiply_probe.cpp:28:53 - error: "rt" is not defined (reportUndefinedVariable)
  /Users/Nicolas/Documents/github/hermes/reverse-engineering/tools/recomp/integer_multiply_probe.cpp:28:53 - warning: Expression value is unused (reportUnusedExpression)
  /Users/Nicolas/Documents/github/hermes/reverse-engineering/tools/recomp/integer_multiply_probe.cpp:28:57 - warning: Expression value is unused (reportUnusedExpression)
  /Users/Nicolas/Documents/github/hermes/reverse-engineering/tools/recomp/integer_multiply_probe.cpp:28:61 - error: Statements must be separated by newlines or semicolons
  /Users/Nicolas/Documents/github/hermes/reverse-engineering/tools/recomp/integer_multiply_probe.cpp:28:61 - error: "rd" is not defined (reportUndefinedVariable)
  /Users/Nicolas/Documents/github/hermes/reverse-engineering/tools/recomp/integer_multiply_probe.cpp:28:61 - warning: Expression value is unused (reportUnusedExpression)
  /Users/Nicolas/Documents/github/hermes/reverse-engineering/tools/recomp/integer_multiply_probe.cpp:28:65 - warning: Expression value is unused (reportUnusedExpression)
  /Users/Nicolas/Documents/github/hermes/reverse-engineering/tools/recomp/integer_multiply_probe.cpp:28:70 - error: Statements must be separated by newlines or semicolons
  /Users/Nicolas/Documents/github/hermes/reverse-engineering/tools/recomp/integer_multiply_probe.cpp:28:70 - error: "same_sources" is not defined (reportUndefinedVariable)
  /Users/Nicolas/Documents/github/hermes/reverse-engineering/tools/recomp/integer_multiply_probe.cpp:28:70 - warning: Expression value is unused (reportUnusedExpression)
  /Users/Nicolas/Documents/github/hermes/reverse-engineering/tools/recomp/integer_multiply_probe.cpp:28:84 - error: Expected expression
  /Users/Nicolas/Documents/github/hermes/reverse-engineering/tools/recomp/integer_multiply_probe.cpp:29:1 - error: "RegisterMode" is not defined (reportUndefinedVariable)
  /Users/Nicolas/Documents/github/hermes/reverse-engineering/tools/recomp/integer_multiply_probe.cpp:29:1 - warning: Expression value is unused (reportUnusedExpression)
  /Users/Nicolas/Documents/github/hermes/reverse-engineering/tools/recomp/integer_multiply_probe.cpp:29:14 - error: Statements must be separated by newlines or semicolons
  /Users/Nicolas/Documents/github/hermes/reverse-engineering/tools/recomp/integer_multiply_probe.cpp:29:14 - error: "modes" is not defined (reportUndefinedVariable)
  /Users/Nicolas/Documents/github/hermes/reverse-engineering/tools/recomp/integer_multiply_probe.cpp:29:20 - error: Expected index or slice expression
  /Users/Nicolas/Documents/github/hermes/reverse-engineering/tools/recomp/integer_multiply_probe.cpp:30:5 - error: Set entry must be hashable
    Type "set[Unknown]" is not hashable (reportUnhashable)
  /Users/Nicolas/Documents/github/hermes/reverse-engineering/tools/recomp/integer_multiply_probe.cpp:30:27 - error: "false" is not defined (reportUndefinedVariable)
  /Users/Nicolas/Documents/github/hermes/reverse-engineering/tools/recomp/integer_multiply_probe.cpp:31:5 - error: Set entry must be hashable
    Type "set[Unknown]" is not hashable (reportUnhashable)
  /Users/Nicolas/Documents/github/hermes/reverse-engineering/tools/recomp/integer_multiply_probe.cpp:31:24 - error: "false" is not defined (reportUndefinedVariable)
  /Users/Nicolas/Documents/github/hermes/reverse-engineering/tools/recomp/integer_multiply_probe.cpp:32:5 - error: Set entry must be hashable
    Type "set[Unknown]" is not hashable (reportUnhashable)
  /Users/Nicolas/Documents/github/hermes/reverse-engineering/tools/recomp/integer_multiply_probe.cpp:32:24 - error: "false" is not defined (reportUndefinedVariable)
  /Users/Nicolas/Documents/github/hermes/reverse-engineering/tools/recomp/integer_multiply_probe.cpp:33:5 - error: Set entry must be hashable
    Type "set[Unknown]" is not hashable (reportUnhashable)
  /Users/Nicolas/Documents/github/hermes/reverse-engineering/tools/recomp/integer_multiply_probe.cpp:33:31 - error: "true" is not defined (reportUndefinedVariable)
  /Users/Nicolas/Documents/github/hermes/reverse-engineering/tools/recomp/integer_multiply_probe.cpp:34:5 - error: Set entry must be hashable
    Type "set[Unknown]" is not hashable (reportUnhashable)
  /Users/Nicolas/Documents/github/hermes/reverse-engineering/tools/recomp/integer_multiply_probe.cpp:34:28 - error: "true" is not defined (reportUndefinedVariable)
  /Users/Nicolas/Documents/github/hermes/reverse-engineering/tools/recomp/integer_multiply_probe.cpp:35:5 - error: Set entry must be hashable
    Type "set[Unknown]" is not hashable (reportUnhashable)
  /Users/Nicolas/Documents/github/hermes/reverse-engineering/tools/recomp/integer_multiply_probe.cpp:35:26 - error: "false" is not defined (reportUndefinedVariable)
  /Users/Nicolas/Documents/github/hermes/reverse-engineering/tools/recomp/integer_multiply_probe.cpp:36:5 - error: Set entry must be hashable
    Type "set[Unknown]" is not hashable (reportUnhashable)
  /Users/Nicolas/Documents/github/hermes/reverse-engineering/tools/recomp/integer_multiply_probe.cpp:36:26 - error: "false" is not defined (reportUndefinedVariable)
  /Users/Nicolas/Documents/github/hermes/reverse-engineering/tools/recomp/integer_multiply_probe.cpp:37:5 - error: Set entry must be hashable
    Type "set[Unknown]" is not hashable (reportUnhashable)
  /Users/Nicolas/Documents/github/hermes/reverse-engineering/tools/recomp/integer_multiply_probe.cpp:37:36 - error: "true" is not defined (reportUndefinedVariable)
  /Users/Nicolas/Documents/github/hermes/reverse-engineering/tools/recomp/integer_multiply_probe.cpp:38:5 - error: Set entry must be hashable
    Type "set[Unknown]" is not hashable (reportUnhashable)
  /Users/Nicolas/Documents/github/hermes/reverse-engineering/tools/recomp/integer_multiply_probe.cpp:38:26 - error: "false" is not defined (reportUndefinedVariable)
  /Users/Nicolas/Documents/github/hermes/reverse-engineering/tools/recomp/integer_multiply_probe.cpp:39:5 - error: Set entry must be hashable
    Type "set[Unknown]" is not hashable (reportUnhashable)
  /Users/Nicolas/Documents/github/hermes/reverse-engineering/tools/recomp/integer_multiply_probe.cpp:39:39 - error: "true" is not defined (reportUndefinedVariable)
  /Users/Nicolas/Documents/github/hermes/reverse-engineering/tools/recomp/integer_multiply_probe.cpp:42:1 - error: "uint64_t" is not defined (reportUndefinedVariable)
  /Users/Nicolas/Documents/github/hermes/reverse-engineering/tools/recomp/integer_multiply_probe.cpp:42:1 - warning: Expression value is unused (reportUnusedExpression)
  /Users/Nicolas/Documents/github/hermes/reverse-engineering/tools/recomp/integer_multiply_probe.cpp:42:10 - error: Statements must be separated by newlines or semicolons
  /Users/Nicolas/Documents/github/hermes/reverse-engineering/tools/recomp/integer_multiply_probe.cpp:42:10 - error: "sign_extend_word" is not defined (reportUndefinedVariable)
  /Users/Nicolas/Documents/github/hermes/reverse-engineering/tools/recomp/integer_multiply_probe.cpp:42:26 - error: "(" was not closed
  /Users/Nicolas/Documents/github/hermes/reverse-engineering/tools/recomp/integer_multiply_probe.cpp:42:27 - error: "uint32_t" is not defined (reportUndefinedVariable)
  /Users/Nicolas/Documents/github/hermes/reverse-engineering/tools/recomp/integer_multiply_probe.cpp:46:1 - error: "int64_t" is not defined (reportUndefinedVariable)
  /Users/Nicolas/Documents/github/hermes/reverse-engineering/tools/recomp/integer_multiply_probe.cpp:46:1 - warning: Expression value is unused (reportUnusedExpression)
  /Users/Nicolas/Documents/github/hermes/reverse-engineering/tools/recomp/integer_multiply_probe.cpp:46:9 - error: Statements must be separated by newlines or semicolons
  /Users/Nicolas/Documents/github/hermes/reverse-engineering/tools/recomp/integer_multiply_probe.cpp:46:9 - error: "signed_word" is not defined (reportUndefinedVariable)
  /Users/Nicolas/Documents/github/hermes/reverse-engineering/tools/recomp/integer_multiply_probe.cpp:46:20 - error: "(" was not closed
  /Users/Nicolas/Documents/github/hermes/reverse-engineering/tools/recomp/integer_multiply_probe.cpp:46:21 - error: "uint32_t" is not defined (reportUndefinedVariable)
  /Users/Nicolas/Documents/github/hermes/reverse-engineering/tools/recomp/integer_multiply_probe.cpp:50:1 - error: "uint64_t" is not defined (reportUndefinedVariable)
  /Users/Nicolas/Documents/github/hermes/reverse-engineering/tools/recomp/integer_multiply_probe.cpp:50:1 - warning: Expression value is unused (reportUnusedExpression)
  /Users/Nicolas/Documents/github/hermes/reverse-engineering/tools/recomp/integer_multiply_probe.cpp:50:10 - error: Statements must be separated by newlines or semicolons
  /Users/Nicolas/Documents/github/hermes/reverse-engineering/tools/recomp/integer_multiply_probe.cpp:50:10 - error: "word_product" is not defined (reportUndefinedVariable)
  /Users/Nicolas/Documents/github/hermes/reverse-engineering/tools/recomp/integer_multiply_probe.cpp:50:22 - error: "(" was not closed
  /Users/Nicolas/Documents/github/hermes/reverse-engineering/tools/recomp/integer_multiply_probe.cpp:50:23 - error: "unsigned" is not defined (reportUndefinedVariable)
  /Users/Nicolas/Documents/github/hermes/reverse-engineering/tools/recomp/integer_multiply_probe.cpp:59:1 - error: "uint64_t" is not defined (reportUndefinedVariable)
  /Users/Nicolas/Documents/github/hermes/reverse-engineering/tools/recomp/integer_multiply_probe.cpp:59:1 - warning: Expression value is unused (reportUnusedExpression)
  /Users/Nicolas/Documents/github/hermes/reverse-engineering/tools/recomp/integer_multiply_probe.cpp:59:10 - error: Statements must be separated by newlines or semicolons
  /Users/Nicolas/Documents/github/hermes/reverse-engineering/tools/recomp/integer_multiply_probe.cpp:59:10 - error: "madd_result" is not defined (reportUndefinedVariable)
  /Users/Nicolas/Documents/github/hermes/reverse-engineering/tools/recomp/integer_multiply_probe.cpp:59:21 - error: "(" was not closed
  /Users/Nicolas/Documents/github/hermes/reverse-engineering/tools/recomp/integer_multiply_probe.cpp:59:22 - error: "uint32_t" is not defined (reportUndefinedVariable)
  /Users/Nicolas/Documents/github/hermes/reverse-engineering/tools/recomp/integer_multiply_probe.cpp:67:1 - error: "uint64_t" is not defined (reportUndefinedVariable)
  /Users/Nicolas/Documents/github/hermes/reverse-engineering/tools/recomp/integer_multiply_probe.cpp:67:1 - warning: Expression value is unused (reportUnusedExpression)
  /Users/Nicolas/Documents/github/hermes/reverse-engineering/tools/recomp/integer_multiply_probe.cpp:67:10 - error: Statements must be separated by newlines or semicolons
  /Users/Nicolas/Documents/github/hermes/reverse-engineering/tools/recomp/integer_multiply_probe.cpp:67:10 - error: "upper_word" is not defined (reportUndefinedVariable)
  /Users/Nicolas/Documents/github/hermes/reverse-engineering/tools/recomp/integer_multiply_probe.cpp:67:20 - error: "(" was not closed
  /Users/Nicolas/Documents/github/hermes/reverse-engineering/tools/recomp/integer_multiply_probe.cpp:67:21 - error: "uint64_t" is not defined (reportUndefinedVariable)
  /Users/Nicolas/Documents/github/hermes/reverse-engineering/tools/recomp/integer_multiply_probe.cpp:68:1 - error: "uint64_t" is not defined (reportUndefinedVariable)
  /Users/Nicolas/Documents/github/hermes/reverse-engineering/tools/recomp/integer_multiply_probe.cpp:68:1 - warning: Expression value is unused (reportUnusedExpression)
  /Users/Nicolas/Documents/github/hermes/reverse-engineering/tools/recomp/integer_multiply_probe.cpp:68:10 - error: Statements must be separated by newlines or semicolons
  /Users/Nicolas/Documents/github/hermes/reverse-engineering/tools/recomp/integer_multiply_probe.cpp:68:10 - error: "lower_word" is not defined (reportUndefinedVariable)
  /Users/Nicolas/Documents/github/hermes/reverse-engineering/tools/recomp/integer_multiply_probe.cpp:68:20 - error: "(" was not closed
  /Users/Nicolas/Documents/github/hermes/reverse-engineering/tools/recomp/integer_multiply_probe.cpp:68:21 - error: "uint64_t" is not defined (reportUndefinedVariable)
  /Users/Nicolas/Documents/github/hermes/reverse-engineering/tools/recomp/integer_multiply_probe.cpp:70:1 - error: "__m128i" is not defined (reportUndefinedVariable)
  /Users/Nicolas/Documents/github/hermes/reverse-engineering/tools/recomp/integer_multiply_probe.cpp:70:1 - warning: Expression value is unused (reportUnusedExpression)
  /Users/Nicolas/Documents/github/hermes/reverse-engineering/tools/recomp/integer_multiply_probe.cpp:70:9 - error: Statements must be separated by newlines or semicolons
  /Users/Nicolas/Documents/github/hermes/reverse-engineering/tools/recomp/integer_multiply_probe.cpp:70:9 - error: "make_register" is not defined (reportUndefinedVariable)
  /Users/Nicolas/Documents/github/hermes/reverse-engineering/tools/recomp/integer_multiply_probe.cpp:70:22 - error: "(" was not closed
  /Users/Nicolas/Documents/github/hermes/reverse-engineering/tools/recomp/integer_multiply_probe.cpp:70:23 - error: "uint32_t" is not defined (reportUndefinedVariable)
  /Users/Nicolas/Documents/github/hermes/reverse-engineering/tools/recomp/integer_multiply_probe.cpp:74:1 - error: "void" is not defined (reportUndefinedVariable)
  /Users/Nicolas/Documents/github/hermes/reverse-engineering/tools/recomp/integer_multiply_probe.cpp:74:1 - warning: Expression value is unused (reportUnusedExpression)
  /Users/Nicolas/Documents/github/hermes/reverse-engineering/tools/recomp/integer_multiply_probe.cpp:74:6 - error: Statements must be separated by newlines or semicolons
  /Users/Nicolas/Documents/github/hermes/reverse-engineering/tools/recomp/integer_multiply_probe.cpp:74:6 - error: "extract_register" is not defined (reportUndefinedVariable)
  /Users/Nicolas/Documents/github/hermes/reverse-engineering/tools/recomp/integer_multiply_probe.cpp:74:22 - error: "(" was not closed
  /Users/Nicolas/Documents/github/hermes/reverse-engineering/tools/recomp/integer_multiply_probe.cpp:74:23 - error: "__m128i" is not defined (reportUndefinedVariable)
  /Users/Nicolas/Documents/github/hermes/reverse-engineering/tools/recomp/integer_multiply_probe.cpp:81:1 - warning: Expression value is unused (reportUnusedExpression)
  /Users/Nicolas/Documents/github/hermes/reverse-engineering/tools/recomp/integer_multiply_probe.cpp:81:6 - error: Statements must be separated by newlines or semicolons
  /Users/Nicolas/Documents/github/hermes/reverse-engineering/tools/recomp/integer_multiply_probe.cpp:81:6 - error: "matches_registers" is not defined (reportUndefinedVariable)
  /Users/Nicolas/Documents/github/hermes/reverse-engineering/tools/recomp/integer_multiply_probe.cpp:81:23 - error: "(" was not closed
  /Users/Nicolas/Documents/github/hermes/reverse-engineering/tools/recomp/integer_multiply_probe.cpp:81:24 - error: "const" is not defined (reportUndefinedVariable)
  /Users/Nicolas/Documents/github/hermes/reverse-engineering/tools/recomp/integer_multiply_probe.cpp:97:1 - warning: Expression value is unused (reportUnusedExpression)
  /Users/Nicolas/Documents/github/hermes/reverse-engineering/tools/recomp/integer_multiply_probe.cpp:97:6 - error: Statements must be separated by newlines or semicolons
  /Users/Nicolas/Documents/github/hermes/reverse-engineering/tools/recomp/integer_multiply_probe.cpp:97:6 - error: "run_case" is not defined (reportUndefinedVariable)
  /Users/Nicolas/Documents/github/hermes/reverse-engineering/tools/recomp/integer_multiply_probe.cpp:97:14 - error: "(" was not closed
  /Users/Nicolas/Documents/github/hermes/reverse-engineering/tools/recomp/integer_multiply_probe.cpp:97:15 - error: "const" is not defined (reportUndefinedVariable)
  /Users/Nicolas/Documents/github/hermes/reverse-engineering/tools/recomp/integer_multiply_probe.cpp:127:1 - error: Unexpected indentation
  /Users/Nicolas/Documents/github/hermes/reverse-engineering/tools/recomp/integer_multiply_probe.cpp:127:9 - error: "op" is not defined (reportUndefinedVariable)
  /Users/Nicolas/Documents/github/hermes/reverse-engineering/tools/recomp/integer_multiply_probe.cpp:127:23 - error: Expected ":"
  /Users/Nicolas/Documents/github/hermes/reverse-engineering/tools/recomp/integer_multiply_probe.cpp:134:5 - error: "return" can be used only within a function
  /Users/Nicolas/Documents/github/hermes/reverse-engineering/tools/recomp/integer_multiply_probe.cpp:134:12 - error: "true" is not defined (reportUndefinedVariable)
  /Users/Nicolas/Documents/github/hermes/reverse-engineering/tools/recomp/integer_multiply_probe.cpp:135:1 - error: Unindent not expected
  /Users/Nicolas/Documents/github/hermes/reverse-engineering/tools/recomp/integer_multiply_probe.cpp:135:1 - error: Expected expression
  /Users/Nicolas/Documents/github/hermes/reverse-engineering/tools/recomp/integer_multiply_probe.cpp:137:5 - error: Statements must be separated by newlines or semicolons
  /Users/Nicolas/Documents/github/hermes/reverse-engineering/tools/recomp/integer_multiply_probe.cpp:137:12 - error: Statements must be separated by newlines or semicolons
  /Users/Nicolas/Documents/github/hermes/reverse-engineering/tools/recomp/integer_multiply_probe.cpp:137:12 - error: "{" was not closed
  /Users/Nicolas/Documents/github/hermes/reverse-engineering/tools/recomp/integer_multiply_probe.cpp:138:15 - error: Statements must be separated by newlines or semicolons
  /Users/Nicolas/Documents/github/hermes/reverse-engineering/tools/recomp/integer_multiply_probe.cpp:138:24 - error: Statements must be separated by newlines or semicolons
  /Users/Nicolas/Documents/github/hermes/reverse-engineering/tools/recomp/integer_multiply_probe.cpp:138:30 - error: Expected index or slice expression
  /Users/Nicolas/Documents/github/hermes/reverse-engineering/tools/recomp/integer_multiply_probe.cpp:138:34 - error: "{" was not closed
  /Users/Nicolas/Documents/github/hermes/reverse-engineering/tools/recomp/integer_multiply_probe.cpp:139:31 - error: Statements must be separated by newlines or semicolons
  /Users/Nicolas/Documents/github/hermes/reverse-engineering/tools/recomp/integer_multiply_probe.cpp:139:44 - error: Statements must be separated by newlines or semicolons
  /Users/Nicolas/Documents/github/hermes/reverse-engineering/tools/recomp/integer_multiply_probe.cpp:139:57 - error: Statements must be separated by newlines or semicolons
  /Users/Nicolas/Documents/github/hermes/reverse-engineering/tools/recomp/integer_multiply_probe.cpp:139:70 - error: Statements must be separated by newlines or semicolons
  /Users/Nicolas/Documents/github/hermes/reverse-engineering/tools/recomp/integer_multiply_probe.cpp:140:19 - error: Statements must be separated by newlines or semicolons
  /Users/Nicolas/Documents/github/hermes/reverse-engineering/tools/recomp/integer_multiply_probe.cpp:140:32 - error: Statements must be separated by newlines or semicolons
  /Users/Nicolas/Documents/github/hermes/reverse-engineering/tools/recomp/integer_multiply_probe.cpp:140:45 - error: Statements must be separated by newlines or semicolons
  /Users/Nicolas/Documents/github/hermes/reverse-engineering/tools/recomp/integer_multiply_probe.cpp:140:58 - error: Statements must be separated by newlines or semicolons
  /Users/Nicolas/Documents/github/hermes/reverse-engineering/tools/recomp/integer_multiply_probe.cpp:141:5 - error: Statements must be separated by newlines or semicolons
  /Users/Nicolas/Documents/github/hermes/reverse-engineering/tools/recomp/integer_multiply_probe.cpp:141:5 - error: Expected expression
  /Users/Nicolas/Documents/github/hermes/reverse-engineering/tools/recomp/integer_multiply_probe.cpp:162:1 - error: Unexpected indentation
  /Users/Nicolas/Documents/github/hermes/reverse-engineering/tools/recomp/integer_multiply_probe.cpp:162:9 - error: Expected expression
  /Users/Nicolas/Documents/github/hermes/reverse-engineering/tools/recomp/integer_multiply_probe.cpp:163:9 - error: "(" was not closed
  /Users/Nicolas/Documents/github/hermes/reverse-engineering/tools/recomp/integer_multiply_probe.cpp:163:96 - error: Expected "in"
  /Users/Nicolas/Documents/github/hermes/reverse-engineering/tools/recomp/integer_multiply_probe.cpp:164:9 - error: Expected expression
  /Users/Nicolas/Documents/github/hermes/reverse-engineering/tools/recomp/integer_multiply_probe.cpp:165:9 - error: "(" was not closed
  /Users/Nicolas/Documents/github/hermes/reverse-engineering/tools/recomp/integer_multiply_probe.cpp:165:105 - error: Expected "in"
  /Users/Nicolas/Documents/github/hermes/reverse-engineering/tools/recomp/integer_multiply_probe.cpp:166:9 - error: Expected expression
  /Users/Nicolas/Documents/github/hermes/reverse-engineering/tools/recomp/integer_multiply_probe.cpp:167:9 - error: "(" was not closed
  /Users/Nicolas/Documents/github/hermes/reverse-engineering/tools/recomp/integer_multiply_probe.cpp:167:109 - error: Expected "in"
  /Users/Nicolas/Documents/github/hermes/reverse-engineering/tools/recomp/integer_multiply_probe.cpp:168:9 - error: Expected expression
  /Users/Nicolas/Documents/github/hermes/reverse-engineering/tools/recomp/integer_multiply_probe.cpp:169:9 - error: "(" was not closed
  /Users/Nicolas/Documents/github/hermes/reverse-engineering/tools/recomp/integer_multiply_probe.cpp:169:65 - error: Expected "in"
  /Users/Nicolas/Documents/github/hermes/reverse-engineering/tools/recomp/integer_multiply_probe.cpp:170:5 - error: "return" can be used only within a function
  /Users/Nicolas/Documents/github/hermes/reverse-engineering/tools/recomp/integer_multiply_probe.cpp:171:1 - error: Unindent not expected
  /Users/Nicolas/Documents/github/hermes/reverse-engineering/tools/recomp/integer_multiply_probe.cpp:171:1 - error: Expected expression
172 errors, 33 warnings, 0 informations
