test_agreeing_catalogs_preserve_all_provenance_and_input (tools.test_ps2_irx_catalog.ExportCatalogTest.test_agreeing_catalogs_preserve_all_provenance_and_input) ... ok
test_comments_cannot_insert_or_shift_ordinals (tools.test_ps2_irx_catalog.ExportCatalogTest.test_comments_cannot_insert_or_shift_ordinals) ... ok
test_conditional_table_is_incomplete_instead_of_guessing_build (tools.test_ps2_irx_catalog.ExportCatalogTest.test_conditional_table_is_incomplete_instead_of_guessing_build) ... ok
test_disagreeing_exact_catalogs_do_not_choose_a_name (tools.test_ps2_irx_catalog.ExportCatalogTest.test_disagreeing_exact_catalogs_do_not_choose_a_name) ... ok
test_hex_octal_and_oversized_c_literals_are_not_guessed (tools.test_ps2_irx_catalog.ExportCatalogTest.test_hex_octal_and_oversized_c_literals_are_not_guessed) ... 
  test_hex_octal_and_oversized_c_literals_are_not_guessed (tools.test_ps2_irx_catalog.ExportCatalogTest.test_hex_octal_and_oversized_c_literals_are_not_guessed) (literal='010') ... FAIL
  test_hex_octal_and_oversized_c_literals_are_not_guessed (tools.test_ps2_irx_catalog.ExportCatalogTest.test_hex_octal_and_oversized_c_literals_are_not_guessed) (literal='00') ... FAIL
test_minor_mismatch_and_missing_index_stay_unresolved (tools.test_ps2_irx_catalog.ExportCatalogTest.test_minor_mismatch_and_missing_index_stay_unresolved) ... ok
test_nested_unterminated_and_non_declaration_rows_are_rejected (tools.test_ps2_irx_catalog.ExportCatalogTest.test_nested_unterminated_and_non_declaration_rows_are_rejected) ... ok
test_versions_and_indices_have_bounded_integer_domains (tools.test_ps2_irx_catalog.ExportCatalogTest.test_versions_and_indices_have_bounded_integer_domains) ... ok

======================================================================
FAIL: test_hex_octal_and_oversized_c_literals_are_not_guessed (tools.test_ps2_irx_catalog.ExportCatalogTest.test_hex_octal_and_oversized_c_literals_are_not_guessed) (literal='010')
----------------------------------------------------------------------
Traceback (most recent call last):
  File "/Users/Nicolas/Documents/github/hermes/reverse-engineering/tools/test_ps2_irx_catalog.py", line 78, in test_hex_octal_and_oversized_c_literals_are_not_guessed
    with self.subTest(literal=literal), self.assertRaises(Invalid):
                                        ~~~~~~~~~~~~~~~~~^^^^^^^^^
AssertionError: Invalid not raised

======================================================================
FAIL: test_hex_octal_and_oversized_c_literals_are_not_guessed (tools.test_ps2_irx_catalog.ExportCatalogTest.test_hex_octal_and_oversized_c_literals_are_not_guessed) (literal='00')
----------------------------------------------------------------------
Traceback (most recent call last):
  File "/Users/Nicolas/Documents/github/hermes/reverse-engineering/tools/test_ps2_irx_catalog.py", line 78, in test_hex_octal_and_oversized_c_literals_are_not_guessed
    with self.subTest(literal=literal), self.assertRaises(Invalid):
                                        ~~~~~~~~~~~~~~~~~^^^^^^^^^
AssertionError: Invalid not raised

----------------------------------------------------------------------
Ran 8 tests in 0.001s

FAILED (failures=2)
